[     362ms] [LOG] error: TypeError: Cannot read properties of null (reading 'value') @ https://expiter.com/script.js:31
[    1500ms] Uncaught Error: Launcher already executed.
    at <anonymous> (https://scripts.scriptwrapper.com/tags/1cce7071-25c6-48c1-b7ee-1da5674b8bfd.js:6:44440)
    at <anonymous> (https://scripts.scriptwrapper.com/tags/1cce7071-25c6-48c1-b7ee-1da5674b8bfd.js:6:48927)
    at <anonymous> (https://scripts.scriptwrapper.com/tags/1cce7071-25c6-48c1-b7ee-1da5674b8bfd.js:6:48931)
[    1501ms] Uncaught Error: Launcher already executed.
    at <anonymous> (https://scripts.scriptwrapper.com/tags/1cce7071-25c6-48c1-b7ee-1da5674b8bfd.js:6:44440)
    at <anonymous> (https://scripts.scriptwrapper.com/tags/1cce7071-25c6-48c1-b7ee-1da5674b8bfd.js:6:48927)
    at <anonymous> (https://scripts.scriptwrapper.com/tags/1cce7071-25c6-48c1-b7ee-1da5674b8bfd.js:6:48931)
[    1544ms] Uncaught Error: Launcher already executed.
    at <anonymous> (https://scripts.scriptwrapper.com/tags/1cce7071-25c6-48c1-b7ee-1da5674b8bfd.js:6:44440)
    at <anonymous> (https://scripts.scriptwrapper.com/tags/1cce7071-25c6-48c1-b7ee-1da5674b8bfd.js:6:48927)
    at <anonymous> (https://scripts.scriptwrapper.com/tags/1cce7071-25c6-48c1-b7ee-1da5674b8bfd.js:6:48931)
[    1545ms] Uncaught Error: Launcher already executed.
    at <anonymous> (https://scripts.scriptwrapper.com/tags/1cce7071-25c6-48c1-b7ee-1da5674b8bfd.js:6:44440)
    at <anonymous> (https://scripts.scriptwrapper.com/tags/1cce7071-25c6-48c1-b7ee-1da5674b8bfd.js:6:48927)
    at <anonymous> (https://scripts.scriptwrapper.com/tags/1cce7071-25c6-48c1-b7ee-1da5674b8bfd.js:6:48931)
[    4844ms] [WARNING] The resource https://securepubads.g.doubleclick.net/tag/js/gpt.js was preloaded using link preload but not used within a few seconds from the window's load event. Please make sure it has an appropriate `as` value and it is preloaded intentionally. @ https://expiter.com/blog/articles/:0
[    6331ms] Uncaught TypeError: Cannot read properties of undefined (reading 'version')
    at b (https://scripts.journeymv.com/tags/3.51.2-3731-optSDKbump/wrapper.min.js?bust=105318104:1:288955)
    at <anonymous> (https://scripts.journeymv.com/tags/3.51.2-3731-optSDKbump/wrapper.min.js?bust=105318104:1:94541)
    at <anonymous> (https://scripts.journeymv.com/tags/3.51.2-3731-optSDKbump/wrapper.min.js?bust=105318104:1:94181)
[    6331ms] Uncaught TypeError: Cannot read properties of undefined (reading 'version')
    at b (https://scripts.journeymv.com/tags/3.51.2-3731-optSDKbump/wrapper.min.js?bust=105318104:1:288955)
    at <anonymous> (https://scripts.journeymv.com/tags/3.51.2-3731-optSDKbump/wrapper.min.js?bust=105318104:1:94541)
    at <anonymous> (https://scripts.journeymv.com/tags/3.51.2-3731-optSDKbump/wrapper.min.js?bust=105318104:1:94181)
[    6371ms] Uncaught TypeError: Cannot read properties of undefined (reading 'version')
    at b (https://scripts.journeymv.com/tags/3.51.2-3731-optSDKbump/wrapper.min.js?bust=105318104:1:288955)
    at <anonymous> (https://scripts.journeymv.com/tags/3.51.2-3731-optSDKbump/wrapper.min.js?bust=105318104:1:94541)
    at <anonymous> (https://scripts.journeymv.com/tags/3.51.2-3731-optSDKbump/wrapper.min.js?bust=105318104:1:94181)
[    6413ms] Uncaught TypeError: Cannot read properties of undefined (reading 'version')
    at b (https://scripts.journeymv.com/tags/3.51.2-3731-optSDKbump/wrapper.min.js?bust=105318104:1:288955)
    at <anonymous> (https://scripts.journeymv.com/tags/3.51.2-3731-optSDKbump/wrapper.min.js?bust=105318104:1:94541)
    at <anonymous> (https://scripts.journeymv.com/tags/3.51.2-3731-optSDKbump/wrapper.min.js?bust=105318104:1:94181)
[    6458ms] Uncaught TypeError: Cannot read properties of undefined (reading 'version')
    at b (https://scripts.journeymv.com/tags/3.51.2-3731-optSDKbump/wrapper.min.js?bust=105318104:1:288955)
    at <anonymous> (https://scripts.journeymv.com/tags/3.51.2-3731-optSDKbump/wrapper.min.js?bust=105318104:1:94541)
    at <anonymous> (https://scripts.journeymv.com/tags/3.51.2-3731-optSDKbump/wrapper.min.js?bust=105318104:1:94181)
[    6522ms] Uncaught TypeError: Cannot read properties of undefined (reading 'version')
    at b (https://scripts.journeymv.com/tags/3.51.2-3731-optSDKbump/wrapper.min.js?bust=105318104:1:288955)
    at <anonymous> (https://scripts.journeymv.com/tags/3.51.2-3731-optSDKbump/wrapper.min.js?bust=105318104:1:94541)
    at <anonymous> (https://scripts.journeymv.com/tags/3.51.2-3731-optSDKbump/wrapper.min.js?bust=105318104:1:94181)
[    6555ms] Uncaught TypeError: Cannot read properties of undefined (reading 'version')
    at b (https://scripts.journeymv.com/tags/3.51.2-3731-optSDKbump/wrapper.min.js?bust=105318104:1:288955)
    at <anonymous> (https://scripts.journeymv.com/tags/3.51.2-3731-optSDKbump/wrapper.min.js?bust=105318104:1:94541)
    at <anonymous> (https://scripts.journeymv.com/tags/3.51.2-3731-optSDKbump/wrapper.min.js?bust=105318104:1:94181)
[    6567ms] [WARNING] Timer 'Hints time' already exists @ https://scripts.journeymv.com/tags/iiqMatch/b966bc0af1418e4e991e.min.js:0
[    6578ms] Uncaught TypeError: Cannot read properties of undefined (reading 'version')
    at c (https://scripts.journeymv.com/tags/3.51.2-3731-optSDKbump/wrapper.min.js?bust=105318104:1:37735)
    at k (https://scripts.journeymv.com/tags/3.51.2-3731-optSDKbump/wrapper.min.js?bust=105318104:1:177811)
    at <anonymous> (https://scripts.journeymv.com/tags/3.51.2-3731-optSDKbump/wrapper.min.js?bust=105318104:1:52116)
    at Y (https://scripts.journeymv.com/tags/optable/150458b9fe2cc342feb2.min.js:0:48258)
    at <anonymous> (https://scripts.journeymv.com/tags/optable/150458b9fe2cc342feb2.min.js:0:55022)
    at <anonymous> (https://scripts.journeymv.com/tags/optable/150458b9fe2cc342feb2.min.js:0:61222)
    at 4226 (https://scripts.journeymv.com/tags/optable/150458b9fe2cc342feb2.min.js:0:61226)
    at a (https://scripts.journeymv.com/tags/3.51.2-3731-optSDKbump/wrapper.min.js?bust=105318104:1:292836)
[    6585ms] [TIMEEND] Hints time: 21.87109375 ms @ https://scripts.journeymv.com/tags/iiqMatch/b966bc0af1418e4e991e.min.js:0
[    6587ms] [ERROR] Failed to load resource: net::ERR_NAME_NOT_RESOLVED @ https://id.crwdcntrl.net/id?gdpr_applies=true&gdpr_consent=CQl5JrAQl5JrAAfFdGITCjFsAP_gAEPgAAYgLdtR9G9fbSFj8DZ3YbokYIwPxVho6sAhBgCAkmgFCLuELIwEhWEQIAyCIiACGBIAODQAIAEgGAgQQUAgIIABLADMYEAQYCBKICBAABIRIkAQCAgKAAAgUAAAgmBGAgQAiASNAZIASMwAgQAGEXAgKAAAAACQAQAIACEAQAEAAAAAQCgAgAAAgAAAAAAAABAIAAAAAAAAACAAAAAAAAAAAAAABAAAAICAACAAAAAAAAAAQiAAAAAAAACC3YAJBoVEEBZEAgQCAgBAAAEEQQAECAIAAAgIIAAAgYACQMABVhEgAAAgAAAAAAAAAAAAAACAAIAABAAACAACAQKAAAACAACAAgQAAwAUIAEAAICgAAIEAAAAAARAAAAIAAAAAQAEhAAAAAIAAQIAiAAAAAkAAAAAAAAAABAAAgAAAAAIAAAIAAAAAAAAAACBAAAAEAAAAgAAAAAAAAAAAAAAQAAAAAAAAAAAAABAAAAEAgAAAAAAAAgAAA.ILdtR9G9fbSFn8DZ3YbokYIwfxVho6sAhBgCAkmgFCLuELIwElWESIAyCIiACGBIAODQAIAEoGAgQQUAgIIABLBDsYEAQYCBKICBAADIRYkAQCAgKAAAgUAAAgmBGAgQAiASNAZIASMwAgQAmEXAgKIAAAACQAQAIACEAQAEAACAAQCgAgAAAgAAAAAAAABAIEAAAAQAAACAAAAAAAAAAAAAABAAAAICAACAAAAAEAAAAQiAAAAAAAAC&c=18338:0
[    6588ms] [WARNING] Timer 'Hints time' does not exist @ https://scripts.journeymv.com/tags/iiqMatch/b966bc0af1418e4e991e.min.js:0
[    6620ms] Uncaught TypeError: Cannot read properties of undefined (reading 'version')
    at b (https://scripts.journeymv.com/tags/3.51.2-3731-optSDKbump/wrapper.min.js?bust=105318104:1:288955)
    at <anonymous> (https://scripts.journeymv.com/tags/3.51.2-3731-optSDKbump/wrapper.min.js?bust=105318104:1:94541)
    at <anonymous> (https://scripts.journeymv.com/tags/3.51.2-3731-optSDKbump/wrapper.min.js?bust=105318104:1:94181)
[    6629ms] Uncaught TypeError: Cannot read properties of undefined (reading 'version')
    at b (https://scripts.journeymv.com/tags/3.51.2-3731-optSDKbump/wrapper.min.js?bust=105318104:1:288955)
    at <anonymous> (https://scripts.journeymv.com/tags/3.51.2-3731-optSDKbump/wrapper.min.js?bust=105318104:1:94541)
    at <anonymous> (https://scripts.journeymv.com/tags/3.51.2-3731-optSDKbump/wrapper.min.js?bust=105318104:1:94181)
[    6654ms] Uncaught (in promise) TypeError: Cannot read properties of undefined (reading '2')
    at H.window.optable.getGeoConfig (https://scripts.journeymv.com/tags/optable/150458b9fe2cc342feb2.min.js:0:44513)
    at H (https://scripts.journeymv.com/tags/optable/150458b9fe2cc342feb2.min.js:0:44888)
    at te.init (https://scripts.journeymv.com/tags/optable/150458b9fe2cc342feb2.min.js:0:59071)
    at <anonymous> (https://scripts.journeymv.com/tags/3.51.2-3731-optSDKbump/wrapper.min.js?bust=105318104:1:50620)
    at o (https://scripts.journeymv.com/tags/3.51.2-3731-optSDKbump/wrapper.min.js?bust=105318104:1:49221)
[    6655ms] Uncaught TypeError: Cannot read properties of undefined (reading 'version')
    at b (https://scripts.journeymv.com/tags/3.51.2-3731-optSDKbump/wrapper.min.js?bust=105318104:1:288955)
    at <anonymous> (https://scripts.journeymv.com/tags/3.51.2-3731-optSDKbump/wrapper.min.js?bust=105318104:1:94541)
    at <anonymous> (https://scripts.journeymv.com/tags/3.51.2-3731-optSDKbump/wrapper.min.js?bust=105318104:1:94181)
[    6737ms] Uncaught TypeError: Cannot read properties of undefined (reading 'version')
    at b (https://scripts.journeymv.com/tags/3.51.2-3731-optSDKbump/wrapper.min.js?bust=105318104:1:288955)
    at <anonymous> (https://scripts.journeymv.com/tags/3.51.2-3731-optSDKbump/wrapper.min.js?bust=105318104:1:94541)
    at <anonymous> (https://scripts.journeymv.com/tags/3.51.2-3731-optSDKbump/wrapper.min.js?bust=105318104:1:94181)
[    6833ms] Uncaught TypeError: Cannot read properties of undefined (reading 'version')
    at b (https://scripts.journeymv.com/tags/3.51.2-3731-optSDKbump/wrapper.min.js?bust=105318104:1:288955)
    at <anonymous> (https://scripts.journeymv.com/tags/3.51.2-3731-optSDKbump/wrapper.min.js?bust=105318104:1:94541)
    at <anonymous> (https://scripts.journeymv.com/tags/3.51.2-3731-optSDKbump/wrapper.min.js?bust=105318104:1:94181)
[    6844ms] Uncaught TypeError: Cannot read properties of undefined (reading 'version')
    at b (https://scripts.journeymv.com/tags/3.51.2-3731-optSDKbump/wrapper.min.js?bust=105318104:1:288955)
    at <anonymous> (https://scripts.journeymv.com/tags/3.51.2-3731-optSDKbump/wrapper.min.js?bust=105318104:1:94541)
    at <anonymous> (https://scripts.journeymv.com/tags/3.51.2-3731-optSDKbump/wrapper.min.js?bust=105318104:1:94181)
[    7018ms] [ERROR] Failed to load resource: the server responded with a status of 400 () @ https://eu-eb2.3lift.com/getuid?ld=1&gdpr=1&cmp_cs=CQl5JrAQl5JrAAfFdGITCjFsAP_gAEPgAAYgLdtR9G9fbSFj8DZ3YbokYIwPxVho6sAhBgCAkmgFCLuELIwEhWEQIAyCIiACGBIAODQAIAEgGAgQQUAgIIABLADMYEAQYCBKICBAABIRIkAQCAgKAAAgUAAAgmBGAgQAiASNAZIASMwAgQAGEXAgKAAAAACQAQAIACEAQAEAAAAAQCgAgAAAgAAAAAAAABAIAAAAAAAAACAAAAAAAAAAAAAABAAAAICAACAAAAAAAAAAQiAAAAAAAACC3YAJBoVEEBZEAgQCAgBAAAEEQQAECAIAAAgIIAAAgYACQMABVhEgAAAgAAAAAAAAAAAAAACAAIAABAAACAACAQKAAAACAACAAgQAAwAUIAEAAICgAAIEAAAAAARAAAAIAAAAAQAEhAAAAAIAAQIAiAAAAAkAAAAAAAAAABAAAgAAAAAIAAAIAAAAAAAAAACBAAAAEAAAAgAAAAAAAAAAAAAAQAAAAAAAAAAAAABAAAAEAgAAAAAAAAgAAA.ILdtR9G9fbSFn8DZ3YbokYIwfxVho6sAhBgCAkmgFCLuELIwElWESIAyCIiACGBIAODQAIAEoGAgQQUAgIIABLBDsYEAQYCBKICBAADIRYkAQCAgKAAAgUAAAgmBGAgQAiASNAZIASMwAgQAmEXAgKIAAAACQAQAIACEAQAEAACAAQCgAgAAAgAAAAAAAABAIEAAAAQAAACAAAAAAAAAAAAAABAAAAICAACAAAAAEAAAAQiAAAAAAAAC&us_privacy=&redir=https%3A%2F%2Fexchange.journeymv.com%2Fusersync%2Fredirect%3Fpartner%3Dtriplelift%26uuid%3D56230591-69bf-11f1-8000-0123456789ab%26s2sVersion%3DADT-3274-burl-c%26partnerId%3D%24UID:0
[    7148ms] Uncaught TypeError: Cannot read properties of undefined (reading 'version')
    at b (https://scripts.journeymv.com/tags/3.51.2-3731-optSDKbump/wrapper.min.js?bust=105318104:1:288955)
    at <anonymous> (https://scripts.journeymv.com/tags/3.51.2-3731-optSDKbump/wrapper.min.js?bust=105318104:1:94541)
    at <anonymous> (https://scripts.journeymv.com/tags/3.51.2-3731-optSDKbump/wrapper.min.js?bust=105318104:1:94181)
[    7018ms] [ERROR] Failed to load resource: the server responded with a status of 400 () @ https://eu-eb2.3lift.com/getuid?ld=1&gdpr=1&cmp_cs=CQl5JrAQl5JrAAfFdGITCjFsAP_gAEPgAAYgLdtR9G9fbSFj8DZ3YbokYIwPxVho6sAhBgCAkmgFCLuELIwEhWEQIAyCIiACGBIAODQAIAEgGAgQQUAgIIABLADMYEAQYCBKICBAABIRIkAQCAgKAAAgUAAAgmBGAgQAiASNAZIASMwAgQAGEXAgKAAAAACQAQAIACEAQAEAAAAAQCgAgAAAgAAAAAAAABAIAAAAAAAAACAAAAAAAAAAAAAABAAAAICAACAAAAAAAAAAQiAAAAAAAACC3YAJBoVEEBZEAgQCAgBAAAEEQQAECAIAAAgIIAAAgYACQMABVhEgAAAgAAAAAAAAAAAAAACAAIAABAAACAACAQKAAAACAACAAgQAAwAUIAEAAICgAAIEAAAAAARAAAAIAAAAAQAEhAAAAAIAAQIAiAAAAAkAAAAAAAAAABAAAgAAAAAIAAAIAAAAAAAAAACBAAAAEAAAAgAAAAAAAAAAAAAAQAAAAAAAAAAAAABAAAAEAgAAAAAAAAgAAA.ILdtR9G9fbSFn8DZ3YbokYIwfxVho6sAhBgCAkmgFCLuELIwElWESIAyCIiACGBIAODQAIAEoGAgQQUAgIIABLBDsYEAQYCBKICBAADIRYkAQCAgKAAAgUAAAgmBGAgQAiASNAZIASMwAgQAmEXAgKIAAAACQAQAIACEAQAEAACAAQCgAgAAAgAAAAAAAABAIEAAAAQAAACAAAAAAAAAAAAAABAAAAICAACAAAAAEAAAAQiAAAAAAAAC&us_privacy=&redir=https%3A%2F%2Fexchange.journeymv.com%2Fusersync%2Fredirect%3Fpartner%3Dtriplelift%26uuid%3D56230591-69bf-11f1-8000-0123456789ab%26s2sVersion%3DADT-3274-burl-c%26partnerId%3D%24UID:0
[    7332ms] [ERROR] Failed to load resource: the server responded with a status of 400 () @ https://eu-eb2.3lift.com/getuid?gdpr=1&cmp_cs=CQl5JrAQl5JrAAfFdGITCjFsAP_gAEPgAAYgLdtR9G9fbSFj8DZ3YbokYIwPxVho6sAhBgCAkmgFCLuELIwEhWEQIAyCIiACGBIAODQAIAEgGAgQQUAgIIABLADMYEAQYCBKICBAABIRIkAQCAgKAAAgUAAAgmBGAgQAiASNAZIASMwAgQAGEXAgKAAAAACQAQAIACEAQAEAAAAAQCgAgAAAgAAAAAAAABAIAAAAAAAAACAAAAAAAAAAAAAABAAAAICAACAAAAAAAAAAQiAAAAAAAACC3YAJBoVEEBZEAgQCAgBAAAEEQQAECAIAAAgIIAAAgYACQMABVhEgAAAgAAAAAAAAAAAAAACAAIAABAAACAACAQKAAAACAACAAgQAAwAUIAEAAICgAAIEAAAAAARAAAAIAAAAAQAEhAAAAAIAAQIAiAAAAAkAAAAAAAAAABAAAgAAAAAIAAAIAAAAAAAAAACBAAAAEAAAAgAAAAAAAAAAAAAAQAAAAAAAAAAAAABAAAAEAgAAAAAAAAgAAA.ILdtR9G9fbSFn8DZ3YbokYIwfxVho6sAhBgCAkmgFCLuELIwElWESIAyCIiACGBIAODQAIAEoGAgQQUAgIIABLBDsYEAQYCBKICBAADIRYkAQCAgKAAAgUAAAgmBGAgQAiASNAZIASMwAgQAmEXAgKIAAAACQAQAIACEAQAEAACAAQCgAgAAAgAAAAAAAABAIEAAAAQAAACAAAAAAAAAAAAAABAAAAICAACAAAAAEAAAAQiAAAAAAAAC&us_privacy=&redir=https%3A%2F%2Fexchange.journeymv.com%2Fusersync%2Fredirect%3Fpartner%3Dtriplelift%26uuid%3D562306f7-69bf-11f1-8000-0123456789ab%26s2sVersion%3DADT-3274-burl-c%26partnerId%3D%24UID:0
[    8381ms] [ERROR] Cannot read properties of undefined (reading 'version') @ https://scripts.journeymv.com/tags/3.51.2-3731-optSDKbump/wrapper.min.js?bust=105318104:1
[    8408ms] [ERROR] Cannot read properties of undefined (reading 'version') @ https://scripts.journeymv.com/tags/3.51.2-3731-optSDKbump/wrapper.min.js?bust=105318104:1
[    8600ms] Uncaught TypeError: Cannot read properties of undefined (reading 'version')
    at b (https://scripts.journeymv.com/tags/3.51.2-3731-optSDKbump/wrapper.min.js?bust=105318104:1:288955)
    at <anonymous> (https://scripts.journeymv.com/tags/3.51.2-3731-optSDKbump/wrapper.min.js?bust=105318104:1:94541)
    at <anonymous> (https://scripts.journeymv.com/tags/3.51.2-3731-optSDKbump/wrapper.min.js?bust=105318104:1:94181)
[    8604ms] Uncaught TypeError: Cannot read properties of undefined (reading 'version')
    at b (https://scripts.journeymv.com/tags/3.51.2-3731-optSDKbump/wrapper.min.js?bust=105318104:1:288955)
    at <anonymous> (https://scripts.journeymv.com/tags/3.51.2-3731-optSDKbump/wrapper.min.js?bust=105318104:1:94541)
    at <anonymous> (https://scripts.journeymv.com/tags/3.51.2-3731-optSDKbump/wrapper.min.js?bust=105318104:1:94181)
[    8609ms] Uncaught TypeError: Cannot read properties of undefined (reading 'version')
    at b (https://scripts.journeymv.com/tags/3.51.2-3731-optSDKbump/wrapper.min.js?bust=105318104:1:288955)
    at <anonymous> (https://scripts.journeymv.com/tags/3.51.2-3731-optSDKbump/wrapper.min.js?bust=105318104:1:94541)
    at <anonymous> (https://scripts.journeymv.com/tags/3.51.2-3731-optSDKbump/wrapper.min.js?bust=105318104:1:94181)
[    9176ms] [WARNING] The resource https://securepubads.g.doubleclick.net/tag/js/gpt.js was preloaded using link preload but not used within a few seconds from the window's load event. Please make sure it has an appropriate `as` value and it is preloaded intentionally. @ https://expiter.com/blog/articles/:0
[    9368ms] Uncaught TypeError: Cannot read properties of undefined (reading 'version')
    at b (https://scripts.journeymv.com/tags/3.51.2-3731-optSDKbump/wrapper.min.js?bust=105318104:1:288955)
    at <anonymous> (https://scripts.journeymv.com/tags/3.51.2-3731-optSDKbump/wrapper.min.js?bust=105318104:1:94541)
    at <anonymous> (https://scripts.journeymv.com/tags/3.51.2-3731-optSDKbump/wrapper.min.js?bust=105318104:1:94181)
[    9407ms] Uncaught TypeError: Cannot read properties of undefined (reading 'version')
    at b (https://scripts.journeymv.com/tags/3.51.2-3731-optSDKbump/wrapper.min.js?bust=105318104:1:288955)
    at <anonymous> (https://scripts.journeymv.com/tags/3.51.2-3731-optSDKbump/wrapper.min.js?bust=105318104:1:94541)
    at <anonymous> (https://scripts.journeymv.com/tags/3.51.2-3731-optSDKbump/wrapper.min.js?bust=105318104:1:94181)
[    9392ms] [ERROR] Failed to load resource: the server responded with a status of 451 () @ https://id.rlcdn.com/713074.gif?:0
[    9451ms] [ERROR] Failed to load resource: the server responded with a status of 400 () @ https://match.prod.bidr.io/cookie-sync/rp?bee_sync_partners=rp&gdpr_consent=CQl5JrAQl5JrAAfFdGITCjFsAP_gAEPgAAYgLdtR9G9fbSFj8DZ3YbokYIwPxVho6sAhBgCAkmgFCLuELIwEhWEQIAyCIiACGBIAODQAIAEgGAgQQUAgIIABLADMYEAQYCBKICBAABIRIkAQCAgKAAAgUAAAgmBGAgQAiASNAZIASMwAgQAGEXAgKAAAAACQAQAIACEAQAEAAAAAQCgAgAAAgAAAAAAAABAIAAAAAAAAACAAAAAAAAAAAAAABAAAAICAACAAAAAAAAAAQiAAAAAAAACC3YAJBoVEEBZEAgQCAgBAAAEEQQAECAIAAAgIIAAAgYACQMABVhEgAAAgAAAAAAAAAAAAAACAAIAABAAACAACAQKAAAACAACAAgQAAwAUIAEAAICgAAIEAAAAAARAAAAIAAAAAQAEhAAAAAIAAQIAiAAAAAkAAAAAAAAAABAAAgAAAAAIAAAIAAAAAAAAAACBAAAAEAAAAgAAAAAAAAAAAAAAQAAAAAAAAAAAAABAAAAEAgAAAAAAAAgAAA.ILdtR9G9fbSFn8DZ3YbokYIwfxVho6sAhBgCAkmgFCLuELIwElWESIAyCIiACGBIAODQAIAEoGAgQQUAgIIABLBDsYEAQYCBKICBAADIRYkAQCAgKAAAgUAAAgmBGAgQAiASNAZIASMwAgQAmEXAgKIAAAACQAQAIACEAQAEAACAAQCgAgAAAgAAAAAAAABAIEAAAAQAAACAAAAAAAAAAAAAABAAAAICAACAAAAAEAAAAQiAAAAAAAAC&gdpr=1&_bee_ppp=1:0
[    9451ms] [ERROR] Failed to load resource: the server responded with a status of 400 () @ https://match.prod.bidr.io/cookie-sync/rp?bee_sync_partners=rp&gdpr_consent=CQl5JrAQl5JrAAfFdGITCjFsAP_gAEPgAAYgLdtR9G9fbSFj8DZ3YbokYIwPxVho6sAhBgCAkmgFCLuELIwEhWEQIAyCIiACGBIAODQAIAEgGAgQQUAgIIABLADMYEAQYCBKICBAABIRIkAQCAgKAAAgUAAAgmBGAgQAiASNAZIASMwAgQAGEXAgKAAAAACQAQAIACEAQAEAAAAAQCgAgAAAgAAAAAAAABAIAAAAAAAAACAAAAAAAAAAAAAABAAAAICAACAAAAAAAAAAQiAAAAAAAACC3YAJBoVEEBZEAgQCAgBAAAEEQQAECAIAAAgIIAAAgYACQMABVhEgAAAgAAAAAAAAAAAAAACAAIAABAAACAACAQKAAAACAACAAgQAAwAUIAEAAICgAAIEAAAAAARAAAAIAAAAAQAEhAAAAAIAAQIAiAAAAAkAAAAAAAAAABAAAgAAAAAIAAAIAAAAAAAAAACBAAAAEAAAAgAAAAAAAAAAAAAAQAAAAAAAAAAAAABAAAAEAgAAAAAAAAgAAA.ILdtR9G9fbSFn8DZ3YbokYIwfxVho6sAhBgCAkmgFCLuELIwElWESIAyCIiACGBIAODQAIAEoGAgQQUAgIIABLBDsYEAQYCBKICBAADIRYkAQCAgKAAAgUAAAgmBGAgQAiASNAZIASMwAgQAmEXAgKIAAAACQAQAIACEAQAEAACAAQCgAgAAAgAAAAAAAABAIEAAAAQAAACAAAAAAAAAAAAAABAAAAICAACAAAAAEAAAAQiAAAAAAAAC&gdpr=1&_bee_ppp=1:0
[    9688ms] [ERROR] Failed to load resource: net::ERR_NAME_NOT_RESOLVED @ https://cs.lkqd.net/cs?partnerId=109&partnerUserId=6f788039b1&gdpr=1&gdpr_consent=CQl5JrAQl5JrAAfFdGITCjFsAP_gAEPgAAYgLdtR9G9fbSFj8DZ3YbokYIwPxVho6sAhBgCAkmgFCLuELIwEhWEQIAyCIiACGBIAODQAIAEgGAgQQUAgIIABLADMYEAQYCBKICBAABIRIkAQCAgKAAAgUAAAgmBGAgQAiASNAZIASMwAgQAGEXAgKAAAAACQAQAIACEAQAEAAAAAQCgAgAAAgAAAAAAAABAIAAAAAAAAACAAAAAAAAAAAAAABAAAAICAACAAAAAAAAAAQiAAAAAAAACC3YAJBoVEEBZEAgQCAgBAAAEEQQAECAIAAAgIIAAAgYACQMABVhEgAAAgAAAAAAAAAAAAAACAAIAABAAACAACAQKAAAACAACAAgQAAwAUIAEAAICgAAIEAAAAAARAAAAIAAAAAQAEhAAAAAIAAQIAiAAAAAkAAAAAAAAAABAAAgAAAAAIAAAIAAAAAAAAAACBAAAAEAAAAgAAAAAAAAAAAAAAQAAAAAAAAAAAAABAAAAEAgAAAAAAAAgAAA.ILdtR9G9fbSFn8DZ3YbokYIwfxVho6sAhBgCAkmgFCLuELIwElWESIAyCIiACGBIAODQAIAEoGAgQQUAgIIABLBDsYEAQYCBKICBAADIRYkAQCAgKAAAgUAAAgmBGAgQAiASNAZIASMwAgQAmEXAgKIAAAACQAQAIACEAQAEAACAAQCgAgAAAgAAAAAAAABAIEAAAAQAAACAAAAAAAAAAAAAABAAAAICAACAAAAAEAAAAQiAAAAAAAAC:0
[   10161ms] [ERROR] Failed to load resource: the server responded with a status of 451 () @ https://idsync.rlcdn.com/713113.gif?partner_uid=ID5-5-c72b66c2-9b1a-4827-bfe3-f2dd75bb5a22:0
[    9451ms] [ERROR] Failed to load resource: the server responded with a status of 400 () @ https://match.prod.bidr.io/cookie-sync/rp?bee_sync_partners=rp&gdpr_consent=CQl5JrAQl5JrAAfFdGITCjFsAP_gAEPgAAYgLdtR9G9fbSFj8DZ3YbokYIwPxVho6sAhBgCAkmgFCLuELIwEhWEQIAyCIiACGBIAODQAIAEgGAgQQUAgIIABLADMYEAQYCBKICBAABIRIkAQCAgKAAAgUAAAgmBGAgQAiASNAZIASMwAgQAGEXAgKAAAAACQAQAIACEAQAEAAAAAQCgAgAAAgAAAAAAAABAIAAAAAAAAACAAAAAAAAAAAAAABAAAAICAACAAAAAAAAAAQiAAAAAAAACC3YAJBoVEEBZEAgQCAgBAAAEEQQAECAIAAAgIIAAAgYACQMABVhEgAAAgAAAAAAAAAAAAAACAAIAABAAACAACAQKAAAACAACAAgQAAwAUIAEAAICgAAIEAAAAAARAAAAIAAAAAQAEhAAAAAIAAQIAiAAAAAkAAAAAAAAAABAAAgAAAAAIAAAIAAAAAAAAAACBAAAAEAAAAgAAAAAAAAAAAAAAQAAAAAAAAAAAAABAAAAEAgAAAAAAAAgAAA.ILdtR9G9fbSFn8DZ3YbokYIwfxVho6sAhBgCAkmgFCLuELIwElWESIAyCIiACGBIAODQAIAEoGAgQQUAgIIABLBDsYEAQYCBKICBAADIRYkAQCAgKAAAgUAAAgmBGAgQAiASNAZIASMwAgQAmEXAgKIAAAACQAQAIACEAQAEAACAAQCgAgAAAgAAAAAAAABAIEAAAAQAAACAAAAAAAAAAAAAABAAAAICAACAAAAAEAAAAQiAAAAAAAAC&gdpr=1&_bee_ppp=1:0
[    7018ms] [ERROR] Failed to load resource: the server responded with a status of 400 () @ https://eu-eb2.3lift.com/getuid?ld=1&gdpr=1&cmp_cs=CQl5JrAQl5JrAAfFdGITCjFsAP_gAEPgAAYgLdtR9G9fbSFj8DZ3YbokYIwPxVho6sAhBgCAkmgFCLuELIwEhWEQIAyCIiACGBIAODQAIAEgGAgQQUAgIIABLADMYEAQYCBKICBAABIRIkAQCAgKAAAgUAAAgmBGAgQAiASNAZIASMwAgQAGEXAgKAAAAACQAQAIACEAQAEAAAAAQCgAgAAAgAAAAAAAABAIAAAAAAAAACAAAAAAAAAAAAAABAAAAICAACAAAAAAAAAAQiAAAAAAAACC3YAJBoVEEBZEAgQCAgBAAAEEQQAECAIAAAgIIAAAgYACQMABVhEgAAAgAAAAAAAAAAAAAACAAIAABAAACAACAQKAAAACAACAAgQAAwAUIAEAAICgAAIEAAAAAARAAAAIAAAAAQAEhAAAAAIAAQIAiAAAAAkAAAAAAAAAABAAAgAAAAAIAAAIAAAAAAAAAACBAAAAEAAAAgAAAAAAAAAAAAAAQAAAAAAAAAAAAABAAAAEAgAAAAAAAAgAAA.ILdtR9G9fbSFn8DZ3YbokYIwfxVho6sAhBgCAkmgFCLuELIwElWESIAyCIiACGBIAODQAIAEoGAgQQUAgIIABLBDsYEAQYCBKICBAADIRYkAQCAgKAAAgUAAAgmBGAgQAiASNAZIASMwAgQAmEXAgKIAAAACQAQAIACEAQAEAACAAQCgAgAAAgAAAAAAAABAIEAAAAQAAACAAAAAAAAAAAAAABAAAAICAACAAAAAEAAAAQiAAAAAAAAC&us_privacy=&redir=https%3A%2F%2Fexchange.journeymv.com%2Fusersync%2Fredirect%3Fpartner%3Dtriplelift%26uuid%3D56230591-69bf-11f1-8000-0123456789ab%26s2sVersion%3DADT-3274-burl-c%26partnerId%3D%24UID:0
[    7332ms] [ERROR] Failed to load resource: the server responded with a status of 400 () @ https://eu-eb2.3lift.com/getuid?gdpr=1&cmp_cs=CQl5JrAQl5JrAAfFdGITCjFsAP_gAEPgAAYgLdtR9G9fbSFj8DZ3YbokYIwPxVho6sAhBgCAkmgFCLuELIwEhWEQIAyCIiACGBIAODQAIAEgGAgQQUAgIIABLADMYEAQYCBKICBAABIRIkAQCAgKAAAgUAAAgmBGAgQAiASNAZIASMwAgQAGEXAgKAAAAACQAQAIACEAQAEAAAAAQCgAgAAAgAAAAAAAABAIAAAAAAAAACAAAAAAAAAAAAAABAAAAICAACAAAAAAAAAAQiAAAAAAAACC3YAJBoVEEBZEAgQCAgBAAAEEQQAECAIAAAgIIAAAgYACQMABVhEgAAAgAAAAAAAAAAAAAACAAIAABAAACAACAQKAAAACAACAAgQAAwAUIAEAAICgAAIEAAAAAARAAAAIAAAAAQAEhAAAAAIAAQIAiAAAAAkAAAAAAAAAABAAAgAAAAAIAAAIAAAAAAAAAACBAAAAEAAAAgAAAAAAAAAAAAAAQAAAAAAAAAAAAABAAAAEAgAAAAAAAAgAAA.ILdtR9G9fbSFn8DZ3YbokYIwfxVho6sAhBgCAkmgFCLuELIwElWESIAyCIiACGBIAODQAIAEoGAgQQUAgIIABLBDsYEAQYCBKICBAADIRYkAQCAgKAAAgUAAAgmBGAgQAiASNAZIASMwAgQAmEXAgKIAAAACQAQAIACEAQAEAACAAQCgAgAAAgAAAAAAAABAIEAAAAQAAACAAAAAAAAAAAAAABAAAAICAACAAAAAEAAAAQiAAAAAAAAC&us_privacy=&redir=https%3A%2F%2Fexchange.journeymv.com%2Fusersync%2Fredirect%3Fpartner%3Dtriplelift%26uuid%3D562306f7-69bf-11f1-8000-0123456789ab%26s2sVersion%3DADT-3274-burl-c%26partnerId%3D%24UID:0
[   12170ms] [ERROR] Failed to load resource: the server responded with a status of 400 () @ https://ssp.wp.pl/v1/sync/pixel/pubmatic?gdpr=1&gdpr_consent=CQl5JrAQl5JrAAfFdGITCjFsAP_gAEPgAAYgLdtR9G9fbSFj8DZ3YbokYIwPxVho6sAhBgCAkmgFCLuELIwEhWEQIAyCIiACGBIAODQAIAEgGAgQQUAgIIABLADMYEAQYCBKICBAABIRIkAQCAgKAAAgUAAAgmBGAgQAiASNAZIASMwAgQAGEXAgKAAAAACQAQAIACEAQAEAAAAAQCgAgAAAgAAAAAAAABAIAAAAAAAAACAAAAAAAAAAAAAABAAAAICAACAAAAAAAAAAQiAAAAAAAACC3YAJBoVEEBZEAgQCAgBAAAEEQQAECAIAAAgIIAAAgYACQMABVhEgAAAgAAAAAAAAAAAAAACAAIAABAAACAACAQKAAAACAACAAgQAAwAUIAEAAICgAAIEAAAAAARAAAAIAAAAAQAEhAAAAAIAAQIAiAAAAAkAAAAAAAAAABAAAgAAAAAIAAAIAAAAAAAAAACBAAAAEAAAAgAAAAAAAAAAAAAAQAAAAAAAAAAAAABAAAAEAgAAAAAAAAgAAA.ILdtR9G9fbSFn8DZ3YbokYIwfxVho6sAhBgCAkmgFCLuELIwElWESIAyCIiACGBIAODQAIAEoGAgQQUAgIIABLBDsYEAQYCBKICBAADIRYkAQCAgKAAAgUAAAgmBGAgQAiASNAZIASMwAgQAmEXAgKIAAAACQAQAIACEAQAEAACAAQCgAgAAAgAAAAAAAABAIEAAAAQAAACAAAAAAAAAAAAAABAAAAICAACAAAAAEAAAAQiAAAAAAAAC:0
[    9392ms] [ERROR] Failed to load resource: the server responded with a status of 451 () @ https://id.rlcdn.com/713074.gif?:0
[    9688ms] [ERROR] Failed to load resource: net::ERR_NAME_NOT_RESOLVED @ https://cs.lkqd.net/cs?partnerId=109&partnerUserId=6f788039b1&gdpr=1&gdpr_consent=CQl5JrAQl5JrAAfFdGITCjFsAP_gAEPgAAYgLdtR9G9fbSFj8DZ3YbokYIwPxVho6sAhBgCAkmgFCLuELIwEhWEQIAyCIiACGBIAODQAIAEgGAgQQUAgIIABLADMYEAQYCBKICBAABIRIkAQCAgKAAAgUAAAgmBGAgQAiASNAZIASMwAgQAGEXAgKAAAAACQAQAIACEAQAEAAAAAQCgAgAAAgAAAAAAAABAIAAAAAAAAACAAAAAAAAAAAAAABAAAAICAACAAAAAAAAAAQiAAAAAAAACC3YAJBoVEEBZEAgQCAgBAAAEEQQAECAIAAAgIIAAAgYACQMABVhEgAAAgAAAAAAAAAAAAAACAAIAABAAACAACAQKAAAACAACAAgQAAwAUIAEAAICgAAIEAAAAAARAAAAIAAAAAQAEhAAAAAIAAQIAiAAAAAkAAAAAAAAAABAAAgAAAAAIAAAIAAAAAAAAAACBAAAAEAAAAgAAAAAAAAAAAAAAQAAAAAAAAAAAAABAAAAEAgAAAAAAAAgAAA.ILdtR9G9fbSFn8DZ3YbokYIwfxVho6sAhBgCAkmgFCLuELIwElWESIAyCIiACGBIAODQAIAEoGAgQQUAgIIABLBDsYEAQYCBKICBAADIRYkAQCAgKAAAgUAAAgmBGAgQAiASNAZIASMwAgQAmEXAgKIAAAACQAQAIACEAQAEAACAAQCgAgAAAgAAAAAAAABAIEAAAAQAAACAAAAAAAAAAAAAABAAAAICAACAAAAAEAAAAQiAAAAAAAAC:0
[   10161ms] [ERROR] Failed to load resource: the server responded with a status of 451 () @ https://idsync.rlcdn.com/713113.gif?partner_uid=ID5-5-c72b66c2-9b1a-4827-bfe3-f2dd75bb5a22:0
[   13007ms] [ERROR] Failed to load resource: the server responded with a status of 451 () @ https://id.rlcdn.com/713074.gif?:0
[   13024ms] [ERROR] Failed to load resource: the server responded with a status of 451 () @ https://idsync.rlcdn.com/713113.gif?partner_uid=ID5-5-c72b66c2-9b1a-4827-bfe3-f2dd75bb5a22:0
[    9451ms] [ERROR] Failed to load resource: the server responded with a status of 400 () @ https://match.prod.bidr.io/cookie-sync/rp?bee_sync_partners=rp&gdpr_consent=CQl5JrAQl5JrAAfFdGITCjFsAP_gAEPgAAYgLdtR9G9fbSFj8DZ3YbokYIwPxVho6sAhBgCAkmgFCLuELIwEhWEQIAyCIiACGBIAODQAIAEgGAgQQUAgIIABLADMYEAQYCBKICBAABIRIkAQCAgKAAAgUAAAgmBGAgQAiASNAZIASMwAgQAGEXAgKAAAAACQAQAIACEAQAEAAAAAQCgAgAAAgAAAAAAAABAIAAAAAAAAACAAAAAAAAAAAAAABAAAAICAACAAAAAAAAAAQiAAAAAAAACC3YAJBoVEEBZEAgQCAgBAAAEEQQAECAIAAAgIIAAAgYACQMABVhEgAAAgAAAAAAAAAAAAAACAAIAABAAACAACAQKAAAACAACAAgQAAwAUIAEAAICgAAIEAAAAAARAAAAIAAAAAQAEhAAAAAIAAQIAiAAAAAkAAAAAAAAAABAAAgAAAAAIAAAIAAAAAAAAAACBAAAAEAAAAgAAAAAAAAAAAAAAQAAAAAAAAAAAAABAAAAEAgAAAAAAAAgAAA.ILdtR9G9fbSFn8DZ3YbokYIwfxVho6sAhBgCAkmgFCLuELIwElWESIAyCIiACGBIAODQAIAEoGAgQQUAgIIABLBDsYEAQYCBKICBAADIRYkAQCAgKAAAgUAAAgmBGAgQAiASNAZIASMwAgQAmEXAgKIAAAACQAQAIACEAQAEAACAAQCgAgAAAgAAAAAAAABAIEAAAAQAAACAAAAAAAAAAAAAABAAAAICAACAAAAAEAAAAQiAAAAAAAAC&gdpr=1&_bee_ppp=1:0
[    9392ms] [ERROR] Failed to load resource: the server responded with a status of 451 () @ https://id.rlcdn.com/713074.gif?:0
[    9688ms] [ERROR] Failed to load resource: net::ERR_NAME_NOT_RESOLVED @ https://cs.lkqd.net/cs?partnerId=109&partnerUserId=6f788039b1&gdpr=1&gdpr_consent=CQl5JrAQl5JrAAfFdGITCjFsAP_gAEPgAAYgLdtR9G9fbSFj8DZ3YbokYIwPxVho6sAhBgCAkmgFCLuELIwEhWEQIAyCIiACGBIAODQAIAEgGAgQQUAgIIABLADMYEAQYCBKICBAABIRIkAQCAgKAAAgUAAAgmBGAgQAiASNAZIASMwAgQAGEXAgKAAAAACQAQAIACEAQAEAAAAAQCgAgAAAgAAAAAAAABAIAAAAAAAAACAAAAAAAAAAAAAABAAAAICAACAAAAAAAAAAQiAAAAAAAACC3YAJBoVEEBZEAgQCAgBAAAEEQQAECAIAAAgIIAAAgYACQMABVhEgAAAgAAAAAAAAAAAAAACAAIAABAAACAACAQKAAAACAACAAgQAAwAUIAEAAICgAAIEAAAAAARAAAAIAAAAAQAEhAAAAAIAAQIAiAAAAAkAAAAAAAAAABAAAgAAAAAIAAAIAAAAAAAAAACBAAAAEAAAAgAAAAAAAAAAAAAAQAAAAAAAAAAAAABAAAAEAgAAAAAAAAgAAA.ILdtR9G9fbSFn8DZ3YbokYIwfxVho6sAhBgCAkmgFCLuELIwElWESIAyCIiACGBIAODQAIAEoGAgQQUAgIIABLBDsYEAQYCBKICBAADIRYkAQCAgKAAAgUAAAgmBGAgQAiASNAZIASMwAgQAmEXAgKIAAAACQAQAIACEAQAEAACAAQCgAgAAAgAAAAAAAABAIEAAAAQAAACAAAAAAAAAAAAAABAAAAICAACAAAAAEAAAAQiAAAAAAAAC:0
[   10161ms] [ERROR] Failed to load resource: the server responded with a status of 451 () @ https://idsync.rlcdn.com/713113.gif?partner_uid=ID5-5-c72b66c2-9b1a-4827-bfe3-f2dd75bb5a22:0
[   13007ms] [ERROR] Failed to load resource: the server responded with a status of 451 () @ https://id.rlcdn.com/713074.gif?:0
[   13024ms] [ERROR] Failed to load resource: the server responded with a status of 451 () @ https://idsync.rlcdn.com/713113.gif?partner_uid=ID5-5-c72b66c2-9b1a-4827-bfe3-f2dd75bb5a22:0
[   13707ms] [ERROR] Failed to load resource: the server responded with a status of 404 () @ https://cs.admanmedia.com/c899400112bd5b9243b3993d9a074653.gif?puid=[UID]&redir=https%3A%2F%2Fcsync.smilewanted.com%2Fset_partner_userid_get%2Fillumin%2F%5BUID%5D&gdpr=1&gdpr_consent=CQl5JrAQl5JrAAfFdGITCjFsAP_gAEPgAAYgLdtR9G9fbSFj8DZ3YbokYIwPxVho6sAhBgCAkmgFCLuELIwEhWEQIAyCIiACGBIAODQAIAEgGAgQQUAgIIABLADMYEAQYCBKICBAABIRIkAQCAgKAAAgUAAAgmBGAgQAiASNAZIASMwAgQAGEXAgKAAAAACQAQAIACEAQAEAAAAAQCgAgAAAgAAAAAAAABAIAAAAAAAAACAAAAAAAAAAAAAABAAAAICAACAAAAAAAAAAQiAAAAAAAACC3YAJBoVEEBZEAgQCAgBAAAEEQQAECAIAAAgIIAAAgYACQMABVhEgAAAgAAAAAAAAAAAAAACAAIAABAAACAACAQKAAAACAACAAgQAAwAUIAEAAICgAAIEAAAAAARAAAAIAAAAAQAEhAAAAAIAAQIAiAAAAAkAAAAAAAAAABAAAgAAAAAIAAAIAAAAAAAAAACBAAAAEAAAAgAAAAAAAAAAAAAAQAAAAAAAAAAAAABAAAAEAgAAAAAAAAgAAA.ILdtR9G9fbSFn8DZ3YbokYIwfxVho6sAhBgCAkmgFCLuELIwElWESIAyCIiACGBIAODQAIAEoGAgQQUAgIIABLBDsYEAQYCBKICBAADIRYkAQCAgKAAAgUAAAgmBGAgQAiASNAZIASMwAgQAmEXAgKIAAAACQAQAIACEAQAEAACAAQCgAgAAAgAAAAAAAABAIEAAAAQAAACAAAAAAAAAAAAAABAAAAICAACAAAAAEAAAAQiAAAAAAAAC:0
[    9392ms] [ERROR] Failed to load resource: the server responded with a status of 451 () @ https://id.rlcdn.com/713074.gif?:0
[    9688ms] [ERROR] Failed to load resource: net::ERR_NAME_NOT_RESOLVED @ https://cs.lkqd.net/cs?partnerId=109&partnerUserId=6f788039b1&gdpr=1&gdpr_consent=CQl5JrAQl5JrAAfFdGITCjFsAP_gAEPgAAYgLdtR9G9fbSFj8DZ3YbokYIwPxVho6sAhBgCAkmgFCLuELIwEhWEQIAyCIiACGBIAODQAIAEgGAgQQUAgIIABLADMYEAQYCBKICBAABIRIkAQCAgKAAAgUAAAgmBGAgQAiASNAZIASMwAgQAGEXAgKAAAAACQAQAIACEAQAEAAAAAQCgAgAAAgAAAAAAAABAIAAAAAAAAACAAAAAAAAAAAAAABAAAAICAACAAAAAAAAAAQiAAAAAAAACC3YAJBoVEEBZEAgQCAgBAAAEEQQAECAIAAAgIIAAAgYACQMABVhEgAAAgAAAAAAAAAAAAAACAAIAABAAACAACAQKAAAACAACAAgQAAwAUIAEAAICgAAIEAAAAAARAAAAIAAAAAQAEhAAAAAIAAQIAiAAAAAkAAAAAAAAAABAAAgAAAAAIAAAIAAAAAAAAAACBAAAAEAAAAgAAAAAAAAAAAAAAQAAAAAAAAAAAAABAAAAEAgAAAAAAAAgAAA.ILdtR9G9fbSFn8DZ3YbokYIwfxVho6sAhBgCAkmgFCLuELIwElWESIAyCIiACGBIAODQAIAEoGAgQQUAgIIABLBDsYEAQYCBKICBAADIRYkAQCAgKAAAgUAAAgmBGAgQAiASNAZIASMwAgQAmEXAgKIAAAACQAQAIACEAQAEAACAAQCgAgAAAgAAAAAAAABAIEAAAAQAAACAAAAAAAAAAAAAABAAAAICAACAAAAAEAAAAQiAAAAAAAAC:0
[   10161ms] [ERROR] Failed to load resource: the server responded with a status of 451 () @ https://idsync.rlcdn.com/713113.gif?partner_uid=ID5-5-c72b66c2-9b1a-4827-bfe3-f2dd75bb5a22:0
[   13007ms] [ERROR] Failed to load resource: the server responded with a status of 451 () @ https://id.rlcdn.com/713074.gif?:0
[   13024ms] [ERROR] Failed to load resource: the server responded with a status of 451 () @ https://idsync.rlcdn.com/713113.gif?partner_uid=ID5-5-c72b66c2-9b1a-4827-bfe3-f2dd75bb5a22:0
[   16695ms] [WARNING] using deprecated parameters for the initialization function; pass a single object instead @ https://api.receptivity.io/v1/prebid/1Pw320cuJVXnYuFXFZ0eoE11G/connector/rxConnector.js?tl=true:9
[   18627ms] [ERROR] Failed to load resource: the server responded with a status of 400 () @ https://ib.adnxs.com/getuid?https://cs.emxdgt.com/umcheck?if=true&apnxid=$UID&redirect=https%3A%2F%2Fexchange.journeymv.com%2Fusersync%2Fredirect%3Fpartner%3Dcadent%26uuid%3D562306f7-69bf-11f1-8000-0123456789ab%26s2sVersion%3DADT-3274-burl-c%26partnerId%3D%24EMXUID&b64_redirect=aHR0cHM6Ly9leGNoYW5nZS5qb3VybmV5bXYuY29tL3VzZXJzeW5jL3JlZGlyZWN0P3BhcnRuZXI9Y2FkZW50JnV1aWQ9NTYyMzA2ZjctNjliZi0xMWYxLTgwMDAtMDEyMzQ1Njc4OWFiJnMyc1ZlcnNpb249QURULTMyNzQtYnVybC1jJnBhcnRuZXJJZD0kRU1YVUlE:0
[   37472ms] Uncaught TypeError: Cannot read properties of undefined (reading 'version')
    at b (https://scripts.journeymv.com/tags/3.51.2-3731-optSDKbump/wrapper.min.js?bust=105318104:1:288955)
    at <anonymous> (https://scripts.journeymv.com/tags/3.51.2-3731-optSDKbump/wrapper.min.js?bust=105318104:1:94541)
    at <anonymous> (https://scripts.journeymv.com/tags/3.51.2-3731-optSDKbump/wrapper.min.js?bust=105318104:1:94181)
[   37473ms] Uncaught (in promise) TypeError: Cannot read properties of undefined (reading 'version')
    at b (https://scripts.journeymv.com/tags/3.51.2-3731-optSDKbump/wrapper.min.js?bust=105318104:1:288955)
    at B (https://scripts.journeymv.com/tags/7715/85cff9f42eb57203ada9.min.js:0:1036)
    at <anonymous> (https://scripts.journeymv.com/tags/3.51.2-3731-optSDKbump/wrapper.min.js?bust=105318104:1:154377)
[   37554ms] Uncaught TypeError: Cannot read properties of undefined (reading 'version')
    at b (https://scripts.journeymv.com/tags/3.51.2-3731-optSDKbump/wrapper.min.js?bust=105318104:1:288955)
    at <anonymous> (https://scripts.journeymv.com/tags/3.51.2-3731-optSDKbump/wrapper.min.js?bust=105318104:1:94541)
    at <anonymous> (https://scripts.journeymv.com/tags/3.51.2-3731-optSDKbump/wrapper.min.js?bust=105318104:1:94181)
[   39509ms] Uncaught TypeError: Cannot read properties of undefined (reading 'version')
    at b (https://scripts.journeymv.com/tags/3.51.2-3731-optSDKbump/wrapper.min.js?bust=105318104:1:288955)
    at <anonymous> (https://scripts.journeymv.com/tags/3.51.2-3731-optSDKbump/wrapper.min.js?bust=105318104:1:94541)
    at <anonymous> (https://scripts.journeymv.com/tags/3.51.2-3731-optSDKbump/wrapper.min.js?bust=105318104:1:94181)
