[     777ms] [LOG] error: TypeError: Cannot read properties of null (reading 'value') @ https://expiter.com/script.js:31
[    1913ms] Uncaught Error: Launcher already executed.
    at <anonymous> (https://scripts.scriptwrapper.com/tags/1cce7071-25c6-48c1-b7ee-1da5674b8bfd.js:6:44440)
    at <anonymous> (https://scripts.scriptwrapper.com/tags/1cce7071-25c6-48c1-b7ee-1da5674b8bfd.js:6:48927)
    at <anonymous> (https://scripts.scriptwrapper.com/tags/1cce7071-25c6-48c1-b7ee-1da5674b8bfd.js:6:48931)
[    1920ms] Uncaught Error: Launcher already executed.
    at <anonymous> (https://scripts.scriptwrapper.com/tags/1cce7071-25c6-48c1-b7ee-1da5674b8bfd.js:6:44440)
    at <anonymous> (https://scripts.scriptwrapper.com/tags/1cce7071-25c6-48c1-b7ee-1da5674b8bfd.js:6:48927)
    at <anonymous> (https://scripts.scriptwrapper.com/tags/1cce7071-25c6-48c1-b7ee-1da5674b8bfd.js:6:48931)
[    2024ms] Uncaught Error: Launcher already executed.
    at <anonymous> (https://scripts.scriptwrapper.com/tags/1cce7071-25c6-48c1-b7ee-1da5674b8bfd.js:6:44440)
    at <anonymous> (https://scripts.scriptwrapper.com/tags/1cce7071-25c6-48c1-b7ee-1da5674b8bfd.js:6:48927)
    at <anonymous> (https://scripts.scriptwrapper.com/tags/1cce7071-25c6-48c1-b7ee-1da5674b8bfd.js:6:48931)
[    2024ms] Uncaught Error: Launcher already executed.
    at <anonymous> (https://scripts.scriptwrapper.com/tags/1cce7071-25c6-48c1-b7ee-1da5674b8bfd.js:6:44440)
    at <anonymous> (https://scripts.scriptwrapper.com/tags/1cce7071-25c6-48c1-b7ee-1da5674b8bfd.js:6:48927)
    at <anonymous> (https://scripts.scriptwrapper.com/tags/1cce7071-25c6-48c1-b7ee-1da5674b8bfd.js:6:48931)
[    2024ms] Uncaught Error: Launcher already executed.
    at <anonymous> (https://scripts.scriptwrapper.com/tags/1cce7071-25c6-48c1-b7ee-1da5674b8bfd.js:6:44440)
    at <anonymous> (https://scripts.scriptwrapper.com/tags/1cce7071-25c6-48c1-b7ee-1da5674b8bfd.js:6:48927)
    at <anonymous> (https://scripts.scriptwrapper.com/tags/1cce7071-25c6-48c1-b7ee-1da5674b8bfd.js:6:48931)
[    5092ms] [WARNING] The resource https://securepubads.g.doubleclick.net/tag/js/gpt.js was preloaded using link preload but not used within a few seconds from the window's load event. Please make sure it has an appropriate `as` value and it is preloaded intentionally. @ https://expiter.com/blog/articles/:0
[    6732ms] Uncaught TypeError: Cannot read properties of undefined (reading 'version')
    at b (https://scripts.journeymv.com/tags/3.51.6/wrapper.min.js?bust=1504196159:1:289175)
    at <anonymous> (https://scripts.journeymv.com/tags/3.51.6/wrapper.min.js?bust=1504196159:1:101126)
    at <anonymous> (https://scripts.journeymv.com/tags/3.51.6/wrapper.min.js?bust=1504196159:1:100766)
[    6736ms] Uncaught TypeError: Cannot read properties of undefined (reading 'version')
    at b (https://scripts.journeymv.com/tags/3.51.6/wrapper.min.js?bust=1504196159:1:289175)
    at <anonymous> (https://scripts.journeymv.com/tags/3.51.6/wrapper.min.js?bust=1504196159:1:101126)
    at <anonymous> (https://scripts.journeymv.com/tags/3.51.6/wrapper.min.js?bust=1504196159:1:100766)
[    6737ms] Uncaught TypeError: Cannot read properties of undefined (reading 'version')
    at b (https://scripts.journeymv.com/tags/3.51.6/wrapper.min.js?bust=1504196159:1:289175)
    at <anonymous> (https://scripts.journeymv.com/tags/3.51.6/wrapper.min.js?bust=1504196159:1:101126)
    at <anonymous> (https://scripts.journeymv.com/tags/3.51.6/wrapper.min.js?bust=1504196159:1:100766)
[    6751ms] Uncaught TypeError: Cannot read properties of undefined (reading 'version')
    at b (https://scripts.journeymv.com/tags/3.51.6/wrapper.min.js?bust=1504196159:1:289175)
    at <anonymous> (https://scripts.journeymv.com/tags/3.51.6/wrapper.min.js?bust=1504196159:1:101126)
    at <anonymous> (https://scripts.journeymv.com/tags/3.51.6/wrapper.min.js?bust=1504196159:1:100766)
[    6802ms] Uncaught TypeError: Cannot read properties of undefined (reading 'version')
    at b (https://scripts.journeymv.com/tags/3.51.6/wrapper.min.js?bust=1504196159:1:289175)
    at <anonymous> (https://scripts.journeymv.com/tags/3.51.6/wrapper.min.js?bust=1504196159:1:101126)
    at <anonymous> (https://scripts.journeymv.com/tags/3.51.6/wrapper.min.js?bust=1504196159:1:100766)
[    6839ms] Uncaught TypeError: Cannot read properties of undefined (reading 'version')
    at b (https://scripts.journeymv.com/tags/3.51.6/wrapper.min.js?bust=1504196159:1:289175)
    at <anonymous> (https://scripts.journeymv.com/tags/3.51.6/wrapper.min.js?bust=1504196159:1:101126)
    at <anonymous> (https://scripts.journeymv.com/tags/3.51.6/wrapper.min.js?bust=1504196159:1:100766)
[    6848ms] Uncaught TypeError: Cannot read properties of undefined (reading 'version')
    at b (https://scripts.journeymv.com/tags/3.51.6/wrapper.min.js?bust=1504196159:1:289175)
    at <anonymous> (https://scripts.journeymv.com/tags/3.51.6/wrapper.min.js?bust=1504196159:1:101126)
    at <anonymous> (https://scripts.journeymv.com/tags/3.51.6/wrapper.min.js?bust=1504196159:1:100766)
[    6919ms] Uncaught TypeError: Cannot read properties of undefined (reading 'version')
    at b (https://scripts.journeymv.com/tags/3.51.6/wrapper.min.js?bust=1504196159:1:289175)
    at <anonymous> (https://scripts.journeymv.com/tags/3.51.6/wrapper.min.js?bust=1504196159:1:101126)
    at <anonymous> (https://scripts.journeymv.com/tags/3.51.6/wrapper.min.js?bust=1504196159:1:100766)
[   10855ms] [WARNING] The resource https://securepubads.g.doubleclick.net/tag/js/gpt.js was preloaded using link preload but not used within a few seconds from the window's load event. Please make sure it has an appropriate `as` value and it is preloaded intentionally. @ https://expiter.com/blog/articles/:0
[   19699ms] Uncaught Error: Launcher already executed.
    at <anonymous> (https://scripts.scriptwrapper.com/tags/1cce7071-25c6-48c1-b7ee-1da5674b8bfd.js:6:44440)
    at <anonymous> (https://scripts.scriptwrapper.com/tags/1cce7071-25c6-48c1-b7ee-1da5674b8bfd.js:6:48927)
    at <anonymous> (https://scripts.scriptwrapper.com/tags/1cce7071-25c6-48c1-b7ee-1da5674b8bfd.js:6:48931)
[   23072ms] [WARNING] The resource https://securepubads.g.doubleclick.net/tag/js/gpt.js was preloaded using link preload but not used within a few seconds from the window's load event. Please make sure it has an appropriate `as` value and it is preloaded intentionally. @ https://expiter.com/blog/articles/:0
[   27654ms] [WARNING] The resource https://securepubads.g.doubleclick.net/tag/js/gpt.js was preloaded using link preload but not used within a few seconds from the window's load event. Please make sure it has an appropriate `as` value and it is preloaded intentionally. @ https://expiter.com/blog/articles/:0
